{"version":2,"width":0,"height":0,"timestamp":1337,"env":{"SHELL":"TEST_SHELL","TERM":"TEST_TERM"}}
[1,"o","First"]
[2,"o","Second"]
[3,"i","Third"]